<?xml version='1.0' encoding='utf-8'?>
<GT><doc id="0" modified="1" raison="Mauvais calcul" /><doc id="1" modified="1" raison="Mauvais calcul" /><doc id="2" modified="1" raison="Mauvais calcul" /><doc id="3" modified="1" raison="Mauvais calcul" /><doc id="4" modified="1" raison="Mauvais calcul" /><doc id="5" modified="1" raison="Mauvais calcul" /><doc id="6" modified="0" raison="" /><doc id="7" modified="1" raison="Mauvais calcul" /><doc id="8" modified="1" raison="Mauvais calcul" /><doc id="9" modified="1" raison="Mauvais calcul" /><doc id="10" modified="1" raison="Mauvais calcul" /><doc id="11" modified="1" raison="Mauvais calcul" /><doc id="12" modified="1" raison="Mauvais calcul" /><doc id="13" modified="0" raison="" /><doc id="14" modified="1" raison="Mauvais calcul" /><doc id="15" modified="1" raison="Mauvais calcul" /><doc id="16" modified="1" raison="Mauvais calcul" /><doc id="17" modified="1" raison="Mauvais calcul" /><doc id="18" modified="1" raison="Mauvais calcul" /><doc id="19" modified="1" raison="Mauvais calcul" /><doc id="20" modified="1" raison="Mauvais calcul" /><doc id="21" modified="1" raison="Mauvais calcul" /><doc id="22" modified="1" raison="Mauvais calcul" /><doc id="23" modified="1" raison="Mauvais calcul" /><doc id="24" modified="0" raison="" /><doc id="25" modified="1" raison="Mauvais calcul" /><doc id="26" modified="1" raison="Mauvais calcul" /><doc id="27" modified="1" raison="Mauvais calcul" /><doc id="28" modified="1" raison="Mauvais calcul" /><doc id="29" modified="1" raison="Mauvais calcul" /><doc id="30" modified="1" raison="Mauvais calcul" /><doc id="31" modified="1" raison="Mauvais calcul" /><doc id="32" modified="1" raison="Mauvais calcul" /><doc id="33" modified="1" raison="Mauvais calcul" /><doc id="34" modified="1" raison="Mauvais calcul" /><doc id="35" modified="1" raison="Mauvais calcul" /><doc id="36" modified="0" raison="" /><doc id="37" modified="1" raison="Mauvais calcul" /><doc id="38" modified="1" raison="Mauvais calcul" /><doc id="39" modified="1" raison="Mauvais calcul" /><doc id="40" modified="1" raison="Mauvais calcul" /><doc id="41" modified="1" raison="Mauvais calcul" /><doc id="42" modified="1" raison="Mauvais calcul" /><doc id="43" modified="0" raison="" /><doc id="44" modified="1" raison="Mauvais calcul" /><doc id="45" modified="1" raison="Mauvais calcul" /><doc id="46" modified="0" raison="" /><doc id="47" modified="1" raison="Mauvais calcul" /><doc id="48" modified="1" raison="Mauvais calcul" /><doc id="49" modified="1" raison="Mauvais calcul" /><doc id="50" modified="1" raison="Mauvais calcul" /><doc id="51" modified="1" raison="Mauvais calcul" /><doc id="52" modified="1" raison="Mauvais calcul" /><doc id="53" modified="1" raison="Mauvais calcul" /><doc id="54" modified="1" raison="Mauvais calcul" /><doc id="55" modified="1" raison="Mauvais calcul" /><doc id="56" modified="1" raison="Mauvais calcul" /><doc id="57" modified="1" raison="Mauvais calcul" /><doc id="58" modified="0" raison="" /><doc id="59" modified="1" raison="Mauvais calcul" /><doc id="60" modified="1" raison="Mauvais calcul" /><doc id="61" modified="1" raison="Mauvais calcul" /><doc id="62" modified="1" raison="Mauvais calcul" /><doc id="63" modified="1" raison="Mauvais calcul" /><doc id="64" modified="1" raison="Mauvais calcul" /><doc id="65" modified="1" raison="Mauvais calcul" /><doc id="66" modified="1" raison="Mauvais calcul" /><doc id="67" modified="1" raison="Mauvais calcul" /><doc id="68" modified="1" raison="Mauvais calcul" /><doc id="69" modified="1" raison="Mauvais calcul" /><doc id="70" modified="1" raison="Mauvais calcul" /><doc id="71" modified="1" raison="Mauvais calcul" /><doc id="72" modified="1" raison="Mauvais calcul" /><doc id="73" modified="1" raison="Mauvais calcul" /><doc id="74" modified="1" raison="Mauvais calcul" /><doc id="75" modified="1" raison="Mauvais calcul" /><doc id="76" modified="1" raison="Mauvais calcul" /><doc id="77" modified="1" raison="Mauvais calcul" /><doc id="78" modified="1" raison="Mauvais calcul" /><doc id="79" modified="1" raison="Mauvais calcul" /><doc id="80" modified="1" raison="Mauvais calcul" /><doc id="81" modified="1" raison="Mauvais calcul" /><doc id="82" modified="1" raison="Mauvais calcul" /><doc id="83" modified="1" raison="Mauvais calcul" /><doc id="84" modified="1" raison="Mauvais calcul" /><doc id="85" modified="0" raison="" /><doc id="86" modified="1" raison="Mauvais calcul" /><doc id="87" modified="1" raison="Mauvais calcul" /><doc id="88" modified="1" raison="Mauvais calcul" /><doc id="89" modified="1" raison="Mauvais calcul" /><doc id="90" modified="1" raison="Mauvais calcul" /><doc id="91" modified="1" raison="Mauvais calcul" /><doc id="92" modified="1" raison="Mauvais calcul" /><doc id="93" modified="1" raison="Mauvais calcul" /><doc id="94" modified="1" raison="Mauvais calcul" /><doc id="95" modified="1" raison="Mauvais calcul" /><doc id="96" modified="1" raison="Mauvais calcul" /><doc id="97" modified="1" raison="Mauvais calcul" /><doc id="98" modified="1" raison="Mauvais calcul" /><doc id="99" modified="1" raison="Mauvais calcul" /><doc id="100" modified="1" raison="Mauvais calcul" /><doc id="101" modified="1" raison="Mauvais calcul" /><doc id="102" modified="1" raison="Mauvais calcul" /><doc id="103" modified="1" raison="Mauvais calcul" /><doc id="104" modified="1" raison="Mauvais calcul" /><doc id="105" modified="1" raison="Mauvais calcul" /><doc id="106" modified="1" raison="Mauvais calcul" /><doc id="107" modified="0" raison="" /><doc id="108" modified="1" raison="Mauvais calcul" /><doc id="109" modified="0" raison="" /><doc id="110" modified="1" raison="Mauvais calcul" /><doc id="111" modified="1" raison="Mauvais calcul" /><doc id="112" modified="0" raison="" /><doc id="113" modified="1" raison="Mauvais calcul" /><doc id="114" modified="1" raison="Mauvais calcul" /><doc id="115" modified="1" raison="Mauvais calcul" /><doc id="116" modified="1" raison="Mauvais calcul" /><doc id="117" modified="0" raison="" /><doc id="118" modified="1" raison="Mauvais calcul" /><doc id="119" modified="1" raison="Mauvais calcul" /><doc id="120" modified="1" raison="Mauvais calcul" /><doc id="121" modified="1" raison="Mauvais calcul" /><doc id="122" modified="1" raison="Mauvais calcul" /><doc id="123" modified="1" raison="Mauvais calcul" /><doc id="124" modified="1" raison="Mauvais calcul" /><doc id="125" modified="1" raison="Mauvais calcul" /><doc id="126" modified="1" raison="Mauvais calcul" /><doc id="127" modified="1" raison="Mauvais calcul" /><doc id="128" modified="1" raison="Mauvais calcul" /><doc id="129" modified="1" raison="Mauvais calcul" /><doc id="130" modified="1" raison="Mauvais calcul" /><doc id="131" modified="1" raison="Mauvais calcul" /><doc id="132" modified="1" raison="Mauvais calcul" /><doc id="133" modified="1" raison="Mauvais calcul" /><doc id="134" modified="1" raison="Mauvais calcul" /><doc id="135" modified="1" raison="Mauvais calcul" /><doc id="136" modified="1" raison="Mauvais calcul" /><doc id="137" modified="1" raison="Mauvais calcul" /><doc id="138" modified="1" raison="Mauvais calcul" /><doc id="139" modified="1" raison="Mauvais calcul" /><doc id="140" modified="1" raison="Mauvais calcul" /><doc id="141" modified="1" raison="Mauvais calcul" /><doc id="142" modified="1" raison="Mauvais calcul" /><doc id="143" modified="1" raison="Mauvais calcul" /><doc id="144" modified="1" raison="Mauvais calcul" /><doc id="145" modified="0" raison="" /><doc id="146" modified="1" raison="Mauvais calcul" /><doc id="147" modified="1" raison="Mauvais calcul" /><doc id="148" modified="0" raison="" /><doc id="149" modified="1" raison="Mauvais calcul" /><doc id="150" modified="1" raison="Mauvais calcul" /><doc id="151" modified="1" raison="Mauvais calcul" /><doc id="152" modified="1" raison="Mauvais calcul" /><doc id="153" modified="1" raison="Mauvais calcul" /><doc id="154" modified="1" raison="Mauvais calcul" /><doc id="155" modified="1" raison="Mauvais calcul" /><doc id="156" modified="1" raison="Mauvais calcul" /><doc id="157" modified="1" raison="Mauvais calcul" /><doc id="158" modified="1" raison="Mauvais calcul" /><doc id="159" modified="1" raison="Mauvais calcul" /><doc id="160" modified="1" raison="Mauvais calcul" /><doc id="161" modified="1" raison="Mauvais calcul" /><doc id="162" modified="1" raison="Mauvais calcul" /><doc id="163" modified="1" raison="Mauvais calcul" /><doc id="164" modified="1" raison="Mauvais calcul" /><doc id="165" modified="1" raison="Mauvais calcul" /><doc id="166" modified="1" raison="Mauvais calcul" /><doc id="167" modified="1" raison="Mauvais calcul" /><doc id="168" modified="1" raison="Mauvais calcul" /><doc id="169" modified="1" raison="Mauvais calcul" /><doc id="170" modified="1" raison="Mauvais calcul" /><doc id="171" modified="1" raison="Mauvais calcul" /><doc id="172" modified="1" raison="Mauvais calcul" /><doc id="173" modified="1" raison="Mauvais calcul" /><doc id="174" modified="1" raison="Mauvais calcul" /><doc id="175" modified="1" raison="Mauvais calcul" /><doc id="176" modified="1" raison="Mauvais calcul" /><doc id="177" modified="1" raison="Mauvais calcul" /><doc id="178" modified="1" raison="Mauvais calcul" /><doc id="179" modified="1" raison="Mauvais calcul" /><doc id="180" modified="1" raison="Mauvais calcul" /><doc id="181" modified="1" raison="Mauvais calcul" /><doc id="182" modified="1" raison="Mauvais calcul" /><doc id="183" modified="1" raison="Mauvais calcul" /><doc id="184" modified="1" raison="Mauvais calcul" /><doc id="185" modified="1" raison="Mauvais calcul" /><doc id="186" modified="1" raison="Mauvais calcul" /><doc id="187" modified="1" raison="Mauvais calcul" /><doc id="188" modified="1" raison="Mauvais calcul" /><doc id="189" modified="1" raison="Mauvais calcul" /><doc id="190" modified="1" raison="Mauvais calcul" /><doc id="191" modified="1" raison="Mauvais calcul" /><doc id="192" modified="1" raison="Mauvais calcul" /><doc id="193" modified="1" raison="Mauvais calcul" /><doc id="194" modified="1" raison="Mauvais calcul" /><doc id="195" modified="1" raison="Mauvais calcul" /><doc id="196" modified="1" raison="Mauvais calcul" /><doc id="197" modified="1" raison="Mauvais calcul" /><doc id="198" modified="1" raison="Mauvais calcul" /><doc id="199" modified="1" raison="Mauvais calcul" /><doc id="200" modified="1" raison="Mauvais calcul" /><doc id="201" modified="1" raison="Mauvais calcul" /><doc id="202" modified="1" raison="Mauvais calcul" /><doc id="203" modified="1" raison="Mauvais calcul" /><doc id="204" modified="1" raison="Mauvais calcul" /><doc id="205" modified="1" raison="Mauvais calcul" /><doc id="206" modified="1" raison="Mauvais calcul" /><doc id="207" modified="1" raison="Mauvais calcul" /><doc id="208" modified="1" raison="Mauvais calcul" /><doc id="209" modified="1" raison="Mauvais calcul" /><doc id="210" modified="1" raison="Mauvais calcul" /><doc id="211" modified="1" raison="Mauvais calcul" /><doc id="212" modified="1" raison="Mauvais calcul" /><doc id="213" modified="1" raison="Mauvais calcul" /><doc id="214" modified="1" raison="Mauvais calcul" /><doc id="215" modified="1" raison="Mauvais calcul" /><doc id="216" modified="1" raison="Mauvais calcul" /><doc id="217" modified="1" raison="Mauvais calcul" /><doc id="218" modified="1" raison="Mauvais calcul" /><doc id="219" modified="1" raison="Mauvais calcul" /><doc id="220" modified="1" raison="Mauvais calcul" /><doc id="221" modified="1" raison="Mauvais calcul" /><doc id="222" modified="1" raison="Mauvais calcul" /><doc id="223" modified="1" raison="Mauvais calcul" /><doc id="224" modified="1" raison="Mauvais calcul" /><doc id="225" modified="1" raison="Mauvais calcul" /><doc id="226" modified="1" raison="Mauvais calcul" /><doc id="227" modified="1" raison="Mauvais calcul" /><doc id="228" modified="1" raison="Mauvais calcul" /><doc id="229" modified="1" raison="Mauvais calcul" /><doc id="230" modified="1" raison="Mauvais calcul" /><doc id="231" modified="1" raison="Mauvais calcul" /><doc id="232" modified="1" raison="Mauvais calcul" /><doc id="233" modified="1" raison="Mauvais calcul" /><doc id="234" modified="1" raison="Mauvais calcul" /><doc id="235" modified="1" raison="Mauvais calcul" /><doc id="236" modified="1" raison="Mauvais calcul" /><doc id="237" modified="1" raison="Mauvais calcul" /><doc id="238" modified="1" raison="Mauvais calcul" /><doc id="239" modified="1" raison="Mauvais calcul" /><doc id="240" modified="1" raison="Mauvais calcul" /><doc id="241" modified="1" raison="Mauvais calcul" /><doc id="242" modified="1" raison="Mauvais calcul" /><doc id="243" modified="1" raison="Mauvais calcul" /><doc id="244" modified="1" raison="Mauvais calcul" /><doc id="245" modified="1" raison="Mauvais calcul" /><doc id="246" modified="1" raison="Mauvais calcul" /><doc id="247" modified="1" raison="Mauvais calcul" /><doc id="248" modified="1" raison="Mauvais calcul" /><doc id="249" modified="1" raison="Mauvais calcul" /><doc id="250" modified="1" raison="Mauvais calcul" /><doc id="251" modified="1" raison="Mauvais calcul" /><doc id="252" modified="1" raison="Mauvais calcul" /><doc id="253" modified="1" raison="Mauvais calcul" /><doc id="254" modified="1" raison="Mauvais calcul" /><doc id="255" modified="1" raison="Mauvais calcul" /><doc id="256" modified="1" raison="Mauvais calcul" /><doc id="257" modified="1" raison="Mauvais calcul" /><doc id="258" modified="1" raison="Mauvais calcul" /><doc id="259" modified="1" raison="Mauvais calcul" /><doc id="260" modified="1" raison="Mauvais calcul" /><doc id="261" modified="1" raison="Mauvais calcul" /><doc id="262" modified="1" raison="Mauvais calcul" /><doc id="263" modified="1" raison="Mauvais calcul" /><doc id="264" modified="1" raison="Mauvais calcul" /><doc id="265" modified="0" raison="" /><doc id="266" modified="1" raison="Mauvais calcul" /><doc id="267" modified="1" raison="Mauvais calcul" /><doc id="268" modified="1" raison="Mauvais calcul" /><doc id="269" modified="1" raison="Mauvais calcul" /><doc id="270" modified="1" raison="Mauvais calcul" /><doc id="271" modified="1" raison="Mauvais calcul" /><doc id="272" modified="1" raison="Mauvais calcul" /><doc id="273" modified="1" raison="Mauvais calcul" /><doc id="274" modified="1" raison="Mauvais calcul" /><doc id="275" modified="1" raison="Mauvais calcul" /><doc id="276" modified="1" raison="Mauvais calcul" /><doc id="277" modified="1" raison="Mauvais calcul" /><doc id="278" modified="1" raison="Mauvais calcul" /><doc id="279" modified="1" raison="Mauvais calcul" /><doc id="280" modified="1" raison="Mauvais calcul" /><doc id="281" modified="1" raison="Mauvais calcul" /><doc id="282" modified="1" raison="Mauvais calcul" /><doc id="283" modified="1" raison="Mauvais calcul" /><doc id="284" modified="1" raison="Mauvais calcul" /><doc id="285" modified="1" raison="Mauvais calcul" /><doc id="286" modified="1" raison="Mauvais calcul" /><doc id="287" modified="1" raison="Mauvais calcul" /><doc id="288" modified="1" raison="Mauvais calcul" /><doc id="289" modified="1" raison="Mauvais calcul" /><doc id="290" modified="1" raison="Mauvais calcul" /><doc id="291" modified="1" raison="Mauvais calcul" /><doc id="292" modified="1" raison="Mauvais calcul" /><doc id="293" modified="1" raison="Mauvais calcul" /><doc id="294" modified="1" raison="Mauvais calcul" /><doc id="295" modified="1" raison="Mauvais calcul" /><doc id="296" modified="1" raison="Mauvais calcul" /><doc id="297" modified="1" raison="Mauvais calcul" /><doc id="298" modified="1" raison="Mauvais calcul" /><doc id="299" modified="1" raison="Mauvais calcul" /><doc id="300" modified="1" raison="Mauvais calcul" /><doc id="301" modified="1" raison="Mauvais calcul" /><doc id="302" modified="1" raison="Mauvais calcul" /><doc id="303" modified="0" raison="" /><doc id="304" modified="1" raison="Mauvais calcul" /><doc id="305" modified="1" raison="Mauvais calcul" /><doc id="306" modified="0" raison="" /><doc id="307" modified="1" raison="Mauvais calcul" /><doc id="308" modified="1" raison="Mauvais calcul" /><doc id="309" modified="1" raison="Mauvais calcul" /><doc id="310" modified="1" raison="Mauvais calcul" /><doc id="311" modified="1" raison="Mauvais calcul" /><doc id="312" modified="1" raison="Mauvais calcul" /><doc id="313" modified="1" raison="Mauvais calcul" /><doc id="314" modified="1" raison="Mauvais calcul" /><doc id="315" modified="1" raison="Mauvais calcul" /><doc id="316" modified="1" raison="Mauvais calcul" /><doc id="317" modified="1" raison="Mauvais calcul" /><doc id="318" modified="1" raison="Mauvais calcul" /><doc id="319" modified="0" raison="" /><doc id="320" modified="1" raison="Mauvais calcul" /><doc id="321" modified="1" raison="Mauvais calcul" /><doc id="322" modified="1" raison="Mauvais calcul" /><doc id="323" modified="0" raison="" /><doc id="324" modified="1" raison="Mauvais calcul" /><doc id="325" modified="1" raison="Mauvais calcul" /><doc id="326" modified="1" raison="Mauvais calcul" /><doc id="327" modified="1" raison="Mauvais calcul" /><doc id="328" modified="1" raison="Mauvais calcul" /><doc id="329" modified="1" raison="Mauvais calcul" /><doc id="330" modified="1" raison="Mauvais calcul" /><doc id="331" modified="1" raison="Mauvais calcul" /><doc id="332" modified="1" raison="Mauvais calcul" /><doc id="333" modified="1" raison="Mauvais calcul" /><doc id="334" modified="1" raison="Mauvais calcul" /><doc id="335" modified="0" raison="" /><doc id="336" modified="1" raison="Mauvais calcul" /><doc id="337" modified="1" raison="Mauvais calcul" /><doc id="338" modified="1" raison="Mauvais calcul" /><doc id="339" modified="1" raison="Mauvais calcul" /><doc id="340" modified="1" raison="Mauvais calcul" /><doc id="341" modified="1" raison="Mauvais calcul" /><doc id="342" modified="1" raison="Mauvais calcul" /><doc id="343" modified="1" raison="Mauvais calcul" /><doc id="344" modified="1" raison="Mauvais calcul" /><doc id="345" modified="1" raison="Mauvais calcul" /><doc id="346" modified="1" raison="Mauvais calcul" /><doc id="347" modified="1" raison="Mauvais calcul" /><doc id="348" modified="1" raison="Mauvais calcul" /><doc id="349" modified="1" raison="Mauvais calcul" /><doc id="350" modified="1" raison="Mauvais calcul" /><doc id="351" modified="1" raison="Mauvais calcul" /><doc id="352" modified="1" raison="Mauvais calcul" /><doc id="353" modified="1" raison="Mauvais calcul" /><doc id="354" modified="1" raison="Mauvais calcul" /><doc id="355" modified="1" raison="Mauvais calcul" /><doc id="356" modified="0" raison="" /><doc id="357" modified="1" raison="Mauvais calcul" /><doc id="358" modified="1" raison="Mauvais calcul" /><doc id="359" modified="1" raison="Mauvais calcul" /><doc id="360" modified="1" raison="Mauvais calcul" /><doc id="361" modified="1" raison="Mauvais calcul" /><doc id="362" modified="1" raison="Mauvais calcul" /><doc id="363" modified="1" raison="Mauvais calcul" /><doc id="364" modified="0" raison="" /><doc id="365" modified="1" raison="Mauvais calcul" /><doc id="366" modified="1" raison="Mauvais calcul" /><doc id="367" modified="1" raison="Mauvais calcul" /><doc id="368" modified="1" raison="Mauvais calcul" /><doc id="369" modified="1" raison="Mauvais calcul" /><doc id="370" modified="1" raison="Mauvais calcul" /><doc id="371" modified="1" raison="Mauvais calcul" /><doc id="372" modified="1" raison="Mauvais calcul" /><doc id="373" modified="1" raison="Mauvais calcul" /><doc id="374" modified="1" raison="Mauvais calcul" /><doc id="375" modified="1" raison="Mauvais calcul" /><doc id="376" modified="1" raison="Mauvais calcul" /><doc id="377" modified="1" raison="Mauvais calcul" /><doc id="378" modified="1" raison="Mauvais calcul" /><doc id="379" modified="1" raison="Mauvais calcul" /><doc id="380" modified="1" raison="Mauvais calcul" /><doc id="381" modified="0" raison="" /><doc id="382" modified="1" raison="Mauvais calcul" /><doc id="383" modified="1" raison="Mauvais calcul" /><doc id="384" modified="1" raison="Mauvais calcul" /><doc id="385" modified="1" raison="Mauvais calcul" /><doc id="386" modified="0" raison="" /><doc id="387" modified="1" raison="Mauvais calcul" /><doc id="388" modified="1" raison="Mauvais calcul" /><doc id="389" modified="1" raison="Mauvais calcul" /><doc id="390" modified="1" raison="Mauvais calcul" /><doc id="391" modified="0" raison="" /><doc id="392" modified="0" raison="" /><doc id="393" modified="0" raison="" /><doc id="394" modified="0" raison="" /><doc id="395" modified="1" raison="Mauvais calcul" /><doc id="396" modified="1" raison="Mauvais calcul" /><doc id="397" modified="0" raison="" /><doc id="398" modified="0" raison="" /><doc id="399" modified="0" raison="" /><doc id="400" modified="1" raison="Mauvais calcul" /><doc id="401" modified="1" raison="Mauvais calcul" /><doc id="402" modified="1" raison="Mauvais calcul" /><doc id="403" modified="1" raison="Mauvais calcul" /><doc id="404" modified="1" raison="Mauvais calcul" /><doc id="405" modified="0" raison="" /><doc id="406" modified="1" raison="Mauvais calcul" /><doc id="407" modified="1" raison="Mauvais calcul" /><doc id="408" modified="1" raison="Mauvais calcul" /><doc id="409" modified="1" raison="Mauvais calcul" /><doc id="410" modified="1" raison="Mauvais calcul" /><doc id="411" modified="1" raison="Mauvais calcul" /><doc id="412" modified="1" raison="Mauvais calcul" /><doc id="413" modified="1" raison="Mauvais calcul" /><doc id="414" modified="1" raison="Mauvais calcul" /><doc id="415" modified="0" raison="" /><doc id="416" modified="0" raison="" /><doc id="417" modified="1" raison="Mauvais calcul" /><doc id="418" modified="1" raison="Mauvais calcul" /><doc id="419" modified="1" raison="Mauvais calcul" /><doc id="420" modified="1" raison="Mauvais calcul" /><doc id="421" modified="1" raison="Mauvais calcul" /><doc id="422" modified="1" raison="Mauvais calcul" /><doc id="423" modified="1" raison="Mauvais calcul" /><doc id="424" modified="1" raison="Mauvais calcul" /><doc id="425" modified="1" raison="Mauvais calcul" /><doc id="426" modified="1" raison="Mauvais calcul" /><doc id="427" modified="1" raison="Mauvais calcul" /><doc id="428" modified="1" raison="Mauvais calcul" /><doc id="429" modified="1" raison="Mauvais calcul" /><doc id="430" modified="1" raison="Mauvais calcul" /><doc id="431" modified="1" raison="Mauvais calcul" /><doc id="432" modified="1" raison="Mauvais calcul" /><doc id="433" modified="1" raison="Mauvais calcul" /><doc id="434" modified="1" raison="Mauvais calcul" /><doc id="435" modified="1" raison="Mauvais calcul" /><doc id="436" modified="1" raison="Mauvais calcul" /><doc id="437" modified="1" raison="Mauvais calcul" /><doc id="438" modified="1" raison="Mauvais calcul" /><doc id="439" modified="1" raison="Mauvais calcul" /><doc id="440" modified="1" raison="Mauvais calcul" /><doc id="441" modified="1" raison="Mauvais calcul" /><doc id="442" modified="1" raison="Mauvais calcul" /><doc id="443" modified="1" raison="Mauvais calcul" /><doc id="444" modified="1" raison="Mauvais calcul" /><doc id="445" modified="0" raison="" /><doc id="446" modified="1" raison="Mauvais calcul" /><doc id="447" modified="1" raison="Mauvais calcul" /><doc id="448" modified="1" raison="Mauvais calcul" /><doc id="449" modified="1" raison="Mauvais calcul" /><doc id="450" modified="1" raison="Mauvais calcul" /><doc id="451" modified="1" raison="Mauvais calcul" /><doc id="452" modified="0" raison="" /><doc id="453" modified="0" raison="" /><doc id="454" modified="1" raison="Mauvais calcul" /><doc id="455" modified="1" raison="Mauvais calcul" /><doc id="456" modified="1" raison="Mauvais calcul" /><doc id="457" modified="1" raison="Mauvais calcul" /><doc id="458" modified="1" raison="Mauvais calcul" /><doc id="459" modified="1" raison="Mauvais calcul" /><doc id="460" modified="1" raison="Mauvais calcul" /><doc id="461" modified="1" raison="Mauvais calcul" /><doc id="462" modified="1" raison="Mauvais calcul" /><doc id="463" modified="1" raison="Mauvais calcul" /><doc id="464" modified="0" raison="" /><doc id="465" modified="1" raison="Mauvais calcul" /><doc id="466" modified="1" raison="Mauvais calcul" /><doc id="467" modified="1" raison="Mauvais calcul" /><doc id="468" modified="1" raison="Mauvais calcul" /><doc id="469" modified="1" raison="Mauvais calcul" /></GT>